/sessions/zen-vigilant-allen/.local/lib/python3.10/site-packages/albumentations/core/validation.py:114: UserWarning: ShiftScaleRotate is a special case of Affine transform. Please use Affine transform instead.
  original_init(self, **validated_kwargs)
train=85 val=15
epoch=0 loss=0.4906 mAP50=0.0097 mAP75=0.0000 123.4s
epoch=1 loss=0.2408 mAP50=0.2918 mAP75=0.0606 130.6s
epoch=2 loss=0.2258 mAP50=0.4926 mAP75=0.1014 125.9s
epoch=3 loss=0.2066 mAP50=0.4661 mAP75=0.0649 123.4s
epoch=4 loss=0.1937 mAP50=0.5813 mAP75=0.1666 124.3s
epoch=5 loss=0.1910 mAP50=0.6204 mAP75=0.1581 124.2s
epoch=6 loss=0.1959 mAP50=0.7363 mAP75=0.2124 123.4s
epoch=7 loss=0.1799 mAP50=0.6617 mAP75=0.1597 131.3s
epoch=8 loss=0.1831 mAP50=0.6166 mAP75=0.1999 122.9s
epoch=9 loss=0.1651 mAP50=0.7457 mAP75=0.2837 123.3s
epoch=10 loss=0.1621 mAP50=0.7481 mAP75=0.3017 137.8s
epoch=11 loss=0.1690 mAP50=0.7643 mAP75=0.3051 123.1s
epoch=12 loss=0.1632 mAP50=0.7429 mAP75=0.3345 121.7s
epoch=13 loss=0.1615 mAP50=0.6892 mAP75=0.2810 121.1s
epoch=14 loss=0.1564 mAP50=0.7129 mAP75=0.3747 120.7s
dataset: 100 synthetic images (85 train / 15 val)
backbone: ResNet-34 + FPN, from-scratch (no COCO pretrain)
input resize: 320x512
epochs: 15  bs: 1  lr: 0.003
best_val_mAP@0.5: 0.7643
final_val_mAP@0.5: 0.7129
final_val_mAP@0.75: 0.3747
final_val_AP_battery@0.5: 0.4294
final_val_AP_cartridge@0.5: 0.3200

